// Jest Snapshot v1, https://goo.gl/fbAQLP

exports[`TodoApp component renders correctly 1`] = `
<div>
  <h2
    className="appTitle"
  >
    Minimal Todo App built with React
  </h2>
  <input
    placeholder="What do you want to do today?"
    type="text"
  />
  <button
    className="addTodo"
    onClick={[Function]}
  >
    Add Todo
  </button>
  <div>
    <h3>
      ALL TODOS
    </h3>
    <ul>
      <li>
        Nothing to see here
      </li>
    </ul>
  </div>
  <div>
     
    <button
      className="ALL_TODOS"
      onClick={[Function]}
    >
      ALL TODOS
    </button>
    <button
      className="ACTIVE_TODOS"
      onClick={[Function]}
    >
      ACTIVE TODOS
    </button>
    <button
      className="COMPLETED_TODOS"
      onClick={[Function]}
    >
      COMPLETED TODOS
    </button>
     
  </div>
</div>
`;
