// Jest Snapshot v1, https://goo.gl/fbAQLP

exports[`SingleTodo component should render correctly 1`] = `
<li
  className=""
>
  <input
    checked={undefined}
    onChange={[Function]}
    type="checkbox"
  />
  <label />
  <button
    onClick={[Function]}
  >
    Delete
  </button>
</li>
`;

exports[`TodoApp component should render correctly 1`] = `
<div>
  <h2
    className="appTitle"
  >
    Minimal Todo App built with React
  </h2>
  <form
    className="addTodoForm"
    onSubmit={[Function]}
  >
    <input
      className="todoField"
      onChange={[Function]}
      placeholder="What do you want to do today?"
      type="text"
      value=""
    />
    <button
      disabled={true}
    >
      Add todo
    </button>
  </form>
  <div>
    <h3>
      ALL TODOS
    </h3>
    <ul>
      <li>
        Nothing to see here
      </li>
    </ul>
  </div>
  <div>
     
    <button
      className="ALL_TODOS"
      onClick={[Function]}
    >
      ALL TODOS
    </button>
    <button
      className="ACTIVE_TODOS"
      onClick={[Function]}
    >
      ACTIVE TODOS
    </button>
    <button
      className="COMPLETED_TODOS"
      onClick={[Function]}
    >
      COMPLETED TODOS
    </button>
     
  </div>
</div>
`;

exports[`VisibleTodoList component should render correctly 1`] = `
<div>
  <h3>
    test filter
  </h3>
  <ul>
    <li>
      Nothing to see here
    </li>
  </ul>
</div>
`;
